ex_alarm.exec   lost:-----------------------------------
ex_asyn_call_delay.exec   lost:-----------------------------------
ex_bool.exec   lost:-----------------------------------
ex_call_later.exec   lost:-----------------------------------
ex_configfile.exec   lost:-----------------------------------
ex_configini.exec   lost:-----------------------------------
ex_controlfluctuaciones.exec   lost:-----------------------------------
ex_count_ptr.exec   lost:-----------------------------------
ex_crc32.exec   lost:-----------------------------------
ex_date_time2.exec   lost:-----------------------------------
ex_date_time.exec   lost:-----------------------------------
ex_exec_max_frec.exec   lost:-----------------------------------
ex_factory.exec   lost:-----------------------------------
ex_fixed_number2.exec   lost:-----------------------------------
ex_fixed_number.exec   lost:-----------------------------------
ex_mtk_connect_this.exec   lost:-----------------------------------
ex_nullable.exec   lost:-----------------------------------
ex_signal2function.exec   lost:-----------------------------------
ex_signal2signal.exec   lost:-----------------------------------
ex_signal_slot.exec   lost:-----------------------------------
ex_string_codec.exec   lost:-----------------------------------
ex_string_try.exec   lost:-----------------------------------
ex_timer.exec   lost:-----------------------------------
ex_tuples.exec   lost:-----------------------------------
test_configfile.exec   lost:-----------------------------------
test_containers.exec   lost:-----------------------------------
test_div0_control.exec   lost:-----------------------------------
test_dtMachineGetTotalMillisecs.exec   lost:-----------------------------------
test_performance_signal_slot.exec   lost:-----------------------------------
test_resources_signal_slot.exec   lost:-----------------------------------
test_signal_slot.exec   lost:-----------------------------------
test_string_trim.exec   lost:-----------------------------------
ex_check_scope_time.exec   lost:-----------------------------------
first_gram_math_expr.exec   lost:-----------------------------------
left_asociative_gram_ast.exec   lost:-----------------------------------
left_asociative_gram.exec   lost:-----------------------------------
prog_transf_math_expr.exec   lost:-----------------------------------
prog_trans_from_file.exec   lost:-----------------------------------
testing_parser_program.exec   lost:-----------------------------------
ex_tcp_socket1.exec   lost:-----------------------------------
ex_tcp_socket2.exec   lost:-----------------------------------
ex_tcp_socket3.exec   lost:-----------------------------------
ex_udp_socket.exec   lost:-----------------------------------
ex_yaml.exec   lost:-----------------------------------
ex_fb.exec   lost:-----------------------------------
ex_qpid1.exec   lost:-----------------------------------
2011-11-11 12:27:35 warning Connection [127.0.0.1:51221-127.0.0.1:5672] closed
ex_qpid2.exec   lost:-----------------------------------
2011-11-11 12:27:44 warning Connection [127.0.0.1:51222-127.0.0.1:5672] closed
ex_qpid_direct_msg.exec   lost:-----------------------------------
2011-11-11 12:27:52 warning Connection [127.0.0.1:51223-127.0.0.1:5672] closed
ex_qpid_msg_parsing.exec   lost:-----------------------------------
2011-11-11 12:28:04 warning Connection [127.0.0.1:51224-127.0.0.1:5672] closed
ex_request_response.exec   lost:-----------------------------------
2011-11-11 12:28:16 warning Connection [127.0.0.1:49771-127.0.0.1:5683] closed
ex_admin.exec   lost:-----------------------------------
2011-11-11 12:28:31 warning Connection [127.0.0.1:32950-127.0.0.1:5685] closed
test_trd_cli_ls.exec   lost:-----------------------------------
2011-11-11 12:28:35 warning Connection [127.0.0.1:33410-127.0.0.1:5683] closed
ex_acs_cli.exec   lost:-----------------------------------
2011-11-11 12:28:48 warning Connection [127.0.0.1:46967-127.0.0.1:5685] closed
ex_acs_serv.exec   lost:-----------------------------------
2011-11-11 12:30:50 warning Connection [127.0.0.1:33412-127.0.0.1:5683] closed
ex_msg_yaml.exec   lost:-----------------------------------
ex_fbinsert.exec   lost:-----------------------------------
2011-11-11 12:31:04 warning Connection [127.0.0.1:33413-127.0.0.1:5683] closed
asocmem0.exec   lost:-----------------------------------
QInotifyFileSystemWatcherEngine::addPaths: inotify_add_watch failed: No such file or directory
QFileSystemWatcher: failed to add paths: /home/maiquel/.config/ibus/bus
Bus::open: Can not get ibus-daemon's address. 
IBusInputContext::createInputContext: no connection to ibus-daemon 
2011-11-11 12:33:51 warning Connection [127.0.0.1:38480-127.0.0.1:5672] closed
WARNING: Phonon needs QCoreApplication::applicationName to be set to export audio output names through the DBUS interface 
(13954): couldn't create slave: "Unable to create io-slave:
klauncher said: Unknown protocol ''.
" 
2011-11-11 12:34:02 warning Connection [127.0.0.1:57726-127.0.0.1:5685] closed
2011-11-11 12:34:42 warning Connection [127.0.0.1:44656-127.0.0.1:5683] closed

real	11m8.318s
user	5m30.580s
sys	0m18.860s
